Windows PowerShell
(C) Корпорация Майкрософт (Microsoft Corporation). Все права защищены.

Попробуйте новую кроссплатформенную оболочку PowerShell (https://aka.ms/pscore6)

PS C:\Users\willy> ssh -p 8022 gb@localhost
gb@localhost's password:
Welcome to Ubuntu 22.04.2 LTS (GNU/Linux 5.19.0-41-generic x86_64)

 * Documentation:  https://help.ubuntu.com
 * Management:     https://landscape.canonical.com
 * Support:        https://ubuntu.com/advantage

Expanded Security Maintenance for Applications is not enabled.

4 updates can be applied immediately.
To see these additional updates run: apt list --upgradable

2 additional security updates can be applied with ESM Apps.
Learn more about enabling ESM Apps service at https://ubuntu.com/esm

Last login: Sun Jul 16 21:58:22 2023 from 10.0.2.2
gb@mygb:~$ ip netns list
gb@mygb:~$ ip netns add N_S_Test
mount --make-shared /run/netns failed: Operation not permitted
gb@mygb:~$ sudo ip netns add N_S_Test
[sudo] password for gb:
gb@mygb:~$ ip a
1: lo: <LOOPBACK,UP,LOWER_UP> mtu 65536 qdisc noqueue state UNKNOWN group default qlen 1000
    link/loopback 00:00:00:00:00:00 brd 00:00:00:00:00:00
    inet 127.0.0.1/8 scope host lo
       valid_lft forever preferred_lft forever
    inet6 ::1/128 scope host
       valid_lft forever preferred_lft forever
2: enp0s3: <BROADCAST,MULTICAST,UP,LOWER_UP> mtu 1500 qdisc fq_codel state UP group default qlen 1000
    link/ether 08:00:27:30:44:3f brd ff:ff:ff:ff:ff:ff
    inet 10.0.2.15/24 brd 10.0.2.255 scope global dynamic noprefixroute enp0s3
       valid_lft 86140sec preferred_lft 86140sec
    inet6 fe80::b520:f147:5653:364c/64 scope link noprefixroute
       valid_lft forever preferred_lft forever
3: docker0: <NO-CARRIER,BROADCAST,MULTICAST,UP> mtu 1500 qdisc noqueue state DOWN group default
    link/ether 02:42:7a:7f:5e:fa brd ff:ff:ff:ff:ff:ff
    inet 172.17.0.1/16 brd 172.17.255.255 scope global docker0
       valid_lft forever preferred_lft forever
gb@mygb:~$ ip netns list
N_S_Test
gb@mygb:~$ sudo ip netns exec N_S_Test bash
root@mygb:/home/gb# ip netns list
N_S_Test
root@mygb:/home/gb# ip a
1: lo: <LOOPBACK> mtu 65536 qdisc noop state DOWN group default qlen 1000
    link/loopback 00:00:00:00:00:00 brd 00:00:00:00:00:00
root@mygb:/home/gb# exit
exit
gb@mygb:~$